
Printing a, b


Printing a, b


Printing default


Printing c


Printing default


Printing default


Printing 9

