

Printing


8
338
2





Printing


6
181
89





Printing


4
24
176





Printing


0
0
0





Printing


-2
-157
87





All done


