
Registered handler

1
a vector
ooooo
null


Done registering handlers



Passed 1


Registered handler

2
a vector
ooooo
null


Done registering handlers



Passed 2


Registered handler

3
a vector
ooooo
[object Object]


Done registering handlers



Passed 3


Registered handler

4
a vector
ooooo
[object Object]


Done registering handlers



Passed 4


Registered handler

5
a vector
ooooo
a vector


Done registering handlers



Passed 5


Registered handler

6
a vector
ooooo
a vector


Done registering handlers



Passed 6

