150.5709


It's not greater

0.8916666666666669,16.833333333333332,-18.5,0,16.5,-3.8916666666666666,2.1666666666666665,0,18.166666666666668,2.5,1.3916666666666664,0,0,0,0,1
[object Object]
