



Executing IF








Executing IF








Executing ELSE








Executing IF ELSE




