20
21
22
23
24
25
26
27
28
29



-10



-9



-8



-7



-6



-5



-4



20
18
16
14



