In parseTriple.

aa

boooooo  message object

creceiver

sendSyntax

aoooooo  message object

breceiver

In parseTriple.

aa

boooooo  message object

creceiver

sendSyntax

aoooooo  message object

breceiver

In parseTriple.

aa

b[object Object]

creceiver

sendSyntax

aoooooo  message object

breceiver


Message receiver sender

aa

b6

sendSyntax

a7

btodo

