

Printing


2
12
3








Printing


1
3
2








Printing


1
10
10








Printing


2
12
13








Printing


2
12
13








Printing


1
10
10








Printing


1
10
2






