

Test throwing


this is my excption


got here




Test throwing2


this is my excption


got here




Test throwing3


this is my excption


got here




Test throwing3


this is my excption


got here


