


object





Printing


8
338
2






object





Printing


6
181
89






object





Printing


4
24
176






object





Printing


0
0
0






object





Printing


-2
-157
87





All done


