caught



second try




second finally




third try




Third catch



third finally


